[erakleskera.wixsite.com/akfa.html]
[static.parastorage.com/services/wix-thunderbolt/dist/webpack-runtime.4f87f994.bundle.min.js]
[static.parastorage.com/unpkg/core-js-bundle@3.2.1/minified.js]
[static.parastorage.com/unpkg/focus-within-polyfill@5.0.9/dist/focus-within-polyfill.js]
[erakleskera.wixsite.com/s.4.delayed]
[erakleskera.wixsite.com/t.5.delayed]
[backblue.gif]
[fade.gif]
[index.html]
[erakleskera.wixsite.com/index.html]
[static.wixstatic.com/media/11062b_b75407a670324c39babd882c6c01d983f000.jpg/v1/fill/w_1080,h_1080,al_c,q_85,enc_avif,quality_auto/11062b_b75407a670324c39babd882c6c01d983f000.jpg]
[static.wixstatic.com/media/127a3b_d696b07c6f094063935ec9e0a9910f24_mv2.jpg/v1/fill/w_168,h_182,al_c,q_80,usm_0.66_1.00_0.01,enc_avif,quality_auto/127a3b_d696b07c6f094063935ec9e0a9910f24_mv2.jpg]
[static.wixstatic.com/media/127a3b_0f615dfc5e1b4d6ba2c91e205bc48002_mv2.jpg/v1/fill/w_147,h_81,al_c,q_80,usm_0.66_1.00_0.01,blur_2,enc_avif,quality_auto/127a3b_0f615dfc5e1b4d6ba2c91e205bc48002_mv2.jpg]
[erakleskera.wixsite.com/akfa/portfolio-collections/my-portfolio/my-project-2.html]
[static.wixstatic.com/media/127a3b_3f9844554061405bb8daba725888d2bb_mv2.jpg/v1/fill/w_90,h_108,al_c,q_80,usm_0.66_1.00_0.01,blur_2,enc_avif,quality_auto/127a3b_3f9844554061405bb8daba725888d2bb_mv2.jpg]
[erakleskera.wixsite.com/akfa/portfolio-collections/my-portfolio/my-project.html]
[static.wixstatic.com/media/127a3b_d696b07c6f094063935ec9e0a9910f24_mv2.jpg/v1/fill/w_310,h_334,al_c,q_80,usm_0.66_1.00_0.01,enc_avif,quality_auto/127a3b_d696b07c6f094063935ec9e0a9910f24_mv2.jpg]
[static.wixstatic.com/media/d5f99a33f0044179af43cb9685308ce1.jpg/v1/fill/w_117,h_78,al_c,q_80,usm_0.66_1.00_0.01,blur_2,enc_avif,quality_auto/d5f99a33f0044179af43cb9685308ce1.jpg]
[static.wixstatic.com/media/e1aa082f7c0747168d9cf43e77046142.png/v1/fill/w_39,h_39,al_c,q_85,usm_0.66_1.00_0.01,enc_avif,quality_auto/e1aa082f7c0747168d9cf43e77046142.png]
[static.wixstatic.com/media/11062b_66167d61316d4665841f3397360d54a9_mv2.png/v1/fill/w_39,h_39,al_c,q_85,usm_0.66_1.00_0.01,enc_avif,quality_auto/11062b_66167d61316d4665841f3397360d54a9_mv2.png]
[browser.sentry-cdn.com/7.120.3/bundle.tracing.es5.min.js]
[browser.sentry-cdn.com/7.120.3/modulemetadata.es5.min.js]
[erakleskera.wixsite.com/sitemap.12.delayed]
[erakleskera.wixsite.com/api/index.html]
[erakleskera.wixsite.com/envelope/index.html]
[erakleskera.wixsite.com/feed.13.delayed]
[static.parastorage.com/services/wix-thunderbolt/dist/thunderbolt-commons.ac923633.bundle.min.js]
[static.parastorage.com/services/wix-thunderbolt/dist/main.66dbc88b.bundle.min.js]
[static.parastorage.com/services/wix-thunderbolt/dist/main.renderer.a20626f8.bundle.min.js]
[static.parastorage.com/unpkg/lodash@4.17.21/lodash.min.js]
[static.parastorage.com/unpkg/react@18.3.1/umd/react.production.min.js]
[static.parastorage.com/unpkg/react-dom@18.3.1/umd/react-dom.production.min.js]
[static.parastorage.com/services/wix-thunderbolt/dist/browser-deprecation.bundle.es5.js]
[erakleskera.wixsite.com/decodeURIComponent(e.1b.delayed]
[erakleskera.wixsite.com/akfa.html]
[erakleskera.wixsite.com/s.html]
[erakleskera.wixsite.com/t.html]
[erakleskera.wixsite.com/index.html]
[static.parastorage.com/services/tag-manager-client/1.920.0/siteTags.bundle.min.js]
[erakleskera.wixsite.com/akfa/portfolio-collections/my-portfolio/s.1d.delayed]
[erakleskera.wixsite.com/akfa/portfolio-collections/my-portfolio/t.1e.delayed]
[static.wixstatic.com/media/127a3b_1df2269d5925421585993c0605c847e1_mv2.jpg/v1/fill/w_1,h_1,q_90/127a3b_1df2269d5925421585993c0605c847e1_mv2.jpg]
[static.wixstatic.com/media/127a3b_1df2269d5925421585993c0605c847e1_mv2.jpg/v1/fit/w_1074,h_548,q_90,enc_avif,quality_auto/127a3b_1df2269d5925421585993c0605c847e1_mv2.jpg]
[static.wixstatic.com/media/127a3b_a9d5013194924d18adb3ab5d31281962_mv2.jpg/v1/fit/w_480,h_270,q_30,blur_30/127a3b_a9d5013194924d18adb3ab5d31281962_mv2.jpg]
[static.wixstatic.com/media/127a3b_a9d5013194924d18adb3ab5d31281962_mv2.jpg/v1/fit/w_1069,h_602,q_90,enc_avif,quality_auto/127a3b_a9d5013194924d18adb3ab5d31281962_mv2.jpg]
[static.wixstatic.com/media/127a3b_a47e0e944efe461fbecdee951bbf244a_mv2.jpg/v1/fit/w_480,h_270,q_30,blur_30/127a3b_a47e0e944efe461fbecdee951bbf244a_mv2.jpg]
[static.wixstatic.com/media/127a3b_a47e0e944efe461fbecdee951bbf244a_mv2.jpg/v1/fit/w_1069,h_602,q_90,enc_avif,quality_auto/127a3b_a47e0e944efe461fbecdee951bbf244a_mv2.jpg]
[static.wixstatic.com/media/127a3b_212996d91ff9470fa0247f0cdafc7d80_mv2.jpg/v1/fit/w_480,h_270,q_30,blur_30/127a3b_212996d91ff9470fa0247f0cdafc7d80_mv2.jpg]
[static.wixstatic.com/media/127a3b_212996d91ff9470fa0247f0cdafc7d80_mv2.jpg/v1/fit/w_1069,h_602,q_90,enc_avif,quality_auto/127a3b_212996d91ff9470fa0247f0cdafc7d80_mv2.jpg]
[erakleskera.wixsite.com/akfa/portfolio-collections/my-portfolio/robots.27.delayed]
[erakleskera.wixsite.com/akfa/portfolio-collections/my-portfolio/sitemap.28.delayed]
[erakleskera.wixsite.com/akfa/portfolio-collections/my-portfolio/feed.29.delayed]
[erakleskera.wixsite.com/akfa/portfolio-collections/my-portfolio/decodeURIComponent(e.2a.delayed]
[erakleskera.wixsite.com/akfa/portfolio-collections/my-portfolio/my-project-2.html]
[static.wixstatic.com/media/127a3b_6199c432592b438c99c1535a361d940d_mv2.jpg/v1/fill/w_1,h_1,q_90/127a3b_6199c432592b438c99c1535a361d940d_mv2.jpg]
[static.wixstatic.com/media/127a3b_6199c432592b438c99c1535a361d940d_mv2.jpg/v1/fit/w_1080,h_552,q_90,enc_avif,quality_auto/127a3b_6199c432592b438c99c1535a361d940d_mv2.jpg]
[static.wixstatic.com/media/127a3b_d6ab086a0d8c4d9b81a3aa102e01ee33_mv2.jpg/v1/fit/w_480,h_270,q_30,blur_30/127a3b_d6ab086a0d8c4d9b81a3aa102e01ee33_mv2.jpg]
[static.wixstatic.com/media/127a3b_d6ab086a0d8c4d9b81a3aa102e01ee33_mv2.jpg/v1/fit/w_1069,h_602,q_90,enc_avif,quality_auto/127a3b_d6ab086a0d8c4d9b81a3aa102e01ee33_mv2.jpg]
[static.wixstatic.com/media/127a3b_ed298cc6b2d6478aa30e31ae14202ccb_mv2.jpg/v1/fit/w_480,h_270,q_30,blur_30/127a3b_ed298cc6b2d6478aa30e31ae14202ccb_mv2.jpg]
[static.wixstatic.com/media/127a3b_ed298cc6b2d6478aa30e31ae14202ccb_mv2.jpg/v1/fit/w_1069,h_602,q_90,enc_avif,quality_auto/127a3b_ed298cc6b2d6478aa30e31ae14202ccb_mv2.jpg]
[static.wixstatic.com/media/127a3b_5cfc5db86a304bd4849f2920320372c0_mv2.jpg/v1/fit/w_480,h_270,q_30,blur_30/127a3b_5cfc5db86a304bd4849f2920320372c0_mv2.jpg]
[static.wixstatic.com/media/127a3b_5cfc5db86a304bd4849f2920320372c0_mv2.jpg/v1/fit/w_1069,h_602,q_90,enc_avif,quality_auto/127a3b_5cfc5db86a304bd4849f2920320372c0_mv2.jpg]
[erakleskera.wixsite.com/akfa/portfolio-collections/my-portfolio/my-project.html]
[erakleskera.wixsite.com/api/index.html]
[erakleskera.wixsite.com/envelope/index.html]
[erakleskera.wixsite.com/sitemap.html]
[erakleskera.wixsite.com/feed.html]
[erakleskera.wixsite.com/decodeURIComponent(e.html]
[erakleskera.wixsite.com/akfa/portfolio-collections/my-portfolio/s.html]
[erakleskera.wixsite.com/akfa/portfolio-collections/my-portfolio/t.html]
[erakleskera.wixsite.com/akfa/portfolio-collections/my-portfolio/robots.html]
[erakleskera.wixsite.com/akfa/portfolio-collections/my-portfolio/sitemap.html]
[erakleskera.wixsite.com/akfa/portfolio-collections/my-portfolio/feed.html]
[erakleskera.wixsite.com/akfa/portfolio-collections/my-portfolio/decodeURIComponent(e.html]
